// Jest Snapshot v1, https://goo.gl/fbAQLP

exports[`<App /> renders correctly according to snapshot 1`] = `
<div
  className="Overall-Parent"
>
  <div>
    <div>
      <div>
        <div
          className="Nav-Flex-Parent"
          role="navigation"
        >
          <div>
            <div
              className="Nav-Selected"
            >
              <div>
                <button
                  className="Button-Unset"
                  onClick={[Function]}
                >
                  News
                </button>
              </div>
            </div>
          </div>
          <div>
            <div
              className=""
            >
              <div>
                <button
                  className="Button-Unset"
                  onClick={[Function]}
                >
                  Article
                </button>
              </div>
            </div>
          </div>
          <div>
            <div
              className=""
            >
              <div>
                <button
                  className="Button-Unset"
                  onClick={[Function]}
                >
                  About
                </button>
              </div>
            </div>
          </div>
          <div>
            <div>
              <a
                aria-label="Github Link"
                className="Nav-Link"
                href="https://github.com/JGunnFo?tab=repositories"
              >
                Github
              </a>
            </div>
          </div>
        </div>
      </div>
    </div>
  </div>
  <div
    aria-live="polite"
  >
    <div>
      <div>
        <div
          role="main"
        >
          <div>
            <div>
              <div
                className="News-Grid-Parent"
              >
                <div>
                  <button
                    className="Button-Unset News-Square-Button"
                    onClick={[Function]}
                  >
                    <div
                      className="News-Square-Div"
                    >
                      <div
                        className="News-Title-Text"
                      >
                        Interactive Data
                      </div>
                      <div
                        className="News-Preview-Text"
                      >
                        Ever wonder if horror movies are more popular than romance movies?  These August movie sales will tell the truth!
                      </div>
                    </div>
                  </button>
                </div>
                <div>
                  <button
                    className="Button-Unset News-Square-Button"
                    onClick={[Function]}
                  >
                    <div
                      className="News-Square-Div"
                    >
                      <div
                        className="News-Title-Text"
                      >
                        Sign up for a special screening!
                      </div>
                      <div
                        className="News-Preview-Text"
                      >
                        If you fill out the form, you'll get to attend a secret preview screening of an upcoming movie!
                      </div>
                    </div>
                  </button>
                </div>
                <div>
                  <button
                    className="Button-Unset News-Square-Button"
                    onClick={[Function]}
                  >
                    <div
                      className="News-Square-Div"
                    >
                      <div
                        className="News-Title-Text"
                      >
                        Updated Rules on Bringing Pets
                      </div>
                      <div
                        className="News-Preview-Text"
                      >
                        If you want to bring your alpaca along, be sure to read these rules to save your movie night!
                      </div>
                    </div>
                  </button>
                </div>
                <div>
                  <button
                    className="Button-Unset News-Square-Button"
                    onClick={[Function]}
                  >
                    <div
                      className="News-Square-Div"
                    >
                      <div
                        className="News-Title-Text"
                      >
                        30% off Tickets on September 5th!
                      </div>
                      <div
                        className="News-Preview-Text"
                      >
                        What could be better than cheap movies on the weekend?
                      </div>
                    </div>
                  </button>
                </div>
                <div>
                  <button
                    className="Button-Unset News-Square-Button"
                    onClick={[Function]}
                  >
                    <div
                      className="News-Square-Div"
                    >
                      <div
                        className="News-Title-Text"
                      >
                        Several 1970s movies available!
                      </div>
                      <div
                        className="News-Preview-Text"
                      >
                        We've added a lot of 1970s classics to our digital library!
                      </div>
                    </div>
                  </button>
                </div>
                <div>
                  <button
                    className="Button-Unset News-Square-Button"
                    onClick={[Function]}
                  >
                    <div
                      className="News-Square-Div"
                    >
                      <div
                        className="News-Title-Text"
                      >
                        Horror Week Sale!
                      </div>
                      <div
                        className="News-Preview-Text"
                      >
                        For horror week, you can save big! Click here to find out more!
                      </div>
                    </div>
                  </button>
                </div>
                <div>
                  <button
                    className="Button-Unset News-Square-Button"
                    onClick={[Function]}
                  >
                    <div
                      className="News-Square-Div"
                    >
                      <div
                        className="News-Title-Text"
                      >
                        T-Shirts with your favorite brand!
                      </div>
                      <div
                        className="News-Preview-Text"
                      >
                        You love us, right? Then wear a t-shirt with our logo on it! You'll get a ticket discount!
                      </div>
                    </div>
                  </button>
                </div>
                <div>
                  <button
                    className="Button-Unset News-Square-Button"
                    onClick={[Function]}
                  >
                    <div
                      className="News-Square-Div"
                    >
                      <div
                        className="News-Title-Text"
                      >
                        Staff Changes
                      </div>
                      <div
                        className="News-Preview-Text"
                      >
                        We've got some new hires, and some staff relocating.
                      </div>
                    </div>
                  </button>
                </div>
              </div>
            </div>
          </div>
        </div>
      </div>
    </div>
  </div>
</div>
`;
